2026-10-08T10:13:48 | JML-1003 | DRYRUN | aboone to aboone | E1010 | Branch Operations Specialist | ROLE-Operations | password now expires | OU=Operations,OU=Users,OU=Ironbridge,DC=ironbridge,DC=local
2026-10-08T10:13:48 | JML-1003 | DRYRUN | btolliver to btolliver | E1015 | Facilities Coordinator | ROLE-Facilities | password now expires | OU=Operations,OU=Users,OU=Ironbridge,DC=ironbridge,DC=local
2026-10-08T10:13:48 | JML-1003 | DRYRUN | cboyd to cboyd | E1003 | Head Teller | ROLE-Teller | password now expires | OU=Elm Street,OU=Retail Banking,OU=Users,OU=Ironbridge,DC=ironbridge,DC=local
2026-10-08T10:13:48 | JML-1003 | DRYRUN | cvance to cvance | E1006 | Loan Administration Manager | ROLE-LendingManager | password now expires | OU=Lending,OU=Users,OU=Ironbridge,DC=ironbridge,DC=local
2026-10-08T10:13:49 | JML-1003 | DRYRUN | dhalloran to dhalloran | E1013 | Operations Manager | ROLE-Operations | password now expires | OU=Operations,OU=Users,OU=Ironbridge,DC=ironbridge,DC=local
2026-10-08T10:13:49 | JML-1003 | DRYRUN | dpruitt to dpruitt | E1007 | Mortgage Officer | ROLE-LoanOfficer | password now expires | OU=Lending,OU=Users,OU=Ironbridge,DC=ironbridge,DC=local
2026-10-08T10:13:49 | JML-1003 | DRYRUN | jruiz to jruiz | E1005 | Teller | ROLE-Teller | password now expires | OU=Maple Avenue,OU=Retail Banking,OU=Users,OU=Ironbridge,DC=ironbridge,DC=local
2026-10-08T10:13:50 | JML-1003 | DRYRUN | kmarsh to kmarsh | E1009 | Wire Operations Specialist | ROLE-WireOperations | password now expires | OU=Wire Operations,OU=Users,OU=Ironbridge,DC=ironbridge,DC=local
2026-10-08T10:13:50 | JML-1003 | DRYRUN | mfoss to mfoss | E1004 | Teller | ROLE-Teller | password now expires | OU=Main Office,OU=Retail Banking,OU=Users,OU=Ironbridge,DC=ironbridge,DC=local
2026-10-08T10:13:50 | JML-1003 | DRYRUN | praman to praman | E1008 | Loan Processor | ROLE-LoanProcessor | password now expires | OU=Lending,OU=Users,OU=Ironbridge,DC=ironbridge,DC=local
2026-10-08T10:13:50 | JML-1003 | DRYRUN | rdemarco to rdemarco | E1002 | Branch Manager | ROLE-BranchManager | password now expires | OU=Maple Avenue,OU=Retail Banking,OU=Users,OU=Ironbridge,DC=ironbridge,DC=local
2026-10-08T10:13:51 | JML-1003 | DRYRUN | rwhitfield to rwhitfield | E1001 | Chief Operating Officer | ROLE-Executive | password now expires | OU=Executive,OU=Users,OU=Ironbridge,DC=ironbridge,DC=local
2026-10-08T10:13:51 | JML-1003 | DRYRUN | spike to spike | E1012 | Back Office Specialist | ROLE-Operations | password now expires | OU=Operations,OU=Users,OU=Ironbridge,DC=ironbridge,DC=local
2026-10-08T10:13:52 | JML-1003 | DRYRUN | tbrunner to tbrunner | E1011 | Branch Operations Specialist | ROLE-Operations | password now expires | OU=Operations,OU=Users,OU=Ironbridge,DC=ironbridge,DC=local
2026-10-08T10:13:53 | JML-1003 | DRYRUN | teckert to teckert | E1014 | Wealth Advisor | ROLE-WealthAdvisor | password now expires | OU=Wealth Management,OU=Users,OU=Ironbridge,DC=ironbridge,DC=local
2026-10-08T10:13:53 | JML-1003 | DRYRUN | (dry run) manager for E1010 is set in the live run
2026-10-08T10:13:53 | JML-1003 | DRYRUN | (dry run) manager for E1015 is set in the live run
2026-10-08T10:13:53 | JML-1003 | DRYRUN | (dry run) manager for E1003 is set in the live run
2026-10-08T10:13:53 | JML-1003 | DRYRUN | (dry run) manager for E1006 is set in the live run
2026-10-08T10:13:53 | JML-1003 | DRYRUN | (dry run) manager for E1013 is set in the live run
2026-10-08T10:13:53 | JML-1003 | DRYRUN | (dry run) manager for E1007 is set in the live run
2026-10-08T10:13:53 | JML-1003 | DRYRUN | (dry run) manager for E1005 is set in the live run
2026-10-08T10:13:53 | JML-1003 | DRYRUN | (dry run) manager for E1009 is set in the live run
2026-10-08T10:13:53 | JML-1003 | DRYRUN | (dry run) manager for E1004 is set in the live run
2026-10-08T10:13:53 | JML-1003 | DRYRUN | (dry run) manager for E1008 is set in the live run
2026-10-08T10:13:53 | JML-1003 | DRYRUN | (dry run) manager for E1002 is set in the live run
2026-10-08T10:13:53 | JML-1003 | DRYRUN | (dry run) manager for E1012 is set in the live run
2026-10-08T10:13:54 | JML-1003 | DRYRUN | (dry run) manager for E1011 is set in the live run
2026-10-08T10:13:54 | JML-1003 | DRYRUN | (dry run) manager for E1014 is set in the live run
2026-10-08T10:13:54 | JML-1003 | DRYRUN | Disabled and preserved: asdf
2026-10-08T10:13:54 | JML-1003 | DRYRUN | Disabled and preserved: teller_new
2026-10-08T10:13:54 | JML-1003 | DRYRUN | Disabled and preserved: teller_new2
2026-10-08T10:13:55 | JML-1003 | DRYRUN | Disabled and preserved: TEMP
2026-10-08T10:13:57 | JML-1003 | DRYRUN | Disabled and preserved: TEMP_DO_NOT_USE
2026-10-08T10:13:57 | JML-1003 | DRYRUN | Disabled and preserved: test
2026-10-08T10:13:57 | JML-1003 | DRYRUN | COMPLETE
